// Jest Snapshot v1, https://goo.gl/fbAQLP

exports[`App component renders App 1`] = `
<DocumentFragment>
  <div
    class="app"
  >
    <h1>
      Nomad Loading!
    </h1>
  </div>
</DocumentFragment>
`;
